../BSP/Src/EPD_4in26.c:60:13:EPD_4in26_Reset	8	static
../BSP/Src/EPD_4in26.c:75:13:EPD_4in26_SendCommand	16	static
../BSP/Src/EPD_4in26.c:88:13:EPD_4in26_SendData	16	static
../BSP/Src/EPD_4in26.c:96:13:EPD_4in26_SendData2	16	static
../BSP/Src/EPD_4in26.c:108:6:EPD_4in26_ReadBusy	8	static
../BSP/Src/EPD_4in26.c:125:13:EPD_4in26_TurnOnDisplay	8	static
../BSP/Src/EPD_4in26.c:133:13:EPD_4in26_TurnOnDisplay_Fast	8	static
../BSP/Src/EPD_4in26.c:141:13:EPD_4in26_TurnOnDisplay_Part	8	static
../BSP/Src/EPD_4in26.c:149:13:EPD_4in26_TurnOnDisplay_4GRAY	8	static
../BSP/Src/EPD_4in26.c:161:13:EPD_4in26_Lut	16	static
../BSP/Src/EPD_4in26.c:185:13:EPD_4in26_SetWindows	24	static
../BSP/Src/EPD_4in26.c:204:13:EPD_4in26_SetCursor	16	static
../BSP/Src/EPD_4in26.c:219:6:EPD_4in26_Init	8	static
../BSP/Src/EPD_4in26.c:256:6:EPD_4in26_Init_Fast	8	static
../BSP/Src/EPD_4in26.c:303:6:EPD_4in26_Init_4GRAY	8	static
../BSP/Src/EPD_4in26.c:346:6:EPD_4in26_Clear	120	static
../BSP/Src/EPD_4in26.c:374:6:EPD_4in26_Display	24	static
../BSP/Src/EPD_4in26.c:388:6:EPD_4in26_Display_Base	24	static
../BSP/Src/EPD_4in26.c:408:6:EPD_4in26_Display_Fast	24	static
../BSP/Src/EPD_4in26.c:422:6:EPD_4in26_Display_Part	40	static
../BSP/Src/EPD_4in26.c:448:6:EPD_4in26_4GrayDisplay	32	static
../BSP/Src/EPD_4in26.c:541:6:EPD_4in26_Sleep	8	static
